.title "Copy Search"
.category "Cataloging"
.layout barcode_33up title="Barcodes (33up)"
.layout barcode_98up title="Barcodes (98up)"
.layout barcode_dwl1784  title="Barc (DWL1784)"
.column copyid hidden
.column bibid hidden
.column barcode_nmbr title="Barcode" sort=barcode_nmbr
.column title func=biblio_link title=Title sort=title
.parameters
.	string barcode title="Barcode Starts With"
.	date newer title="Newer than"
.	select cart title="Only In Item Cart" default=''
.		item none title="No"
.		item bibid title="Yes"
.	end select
.	order_by default=barcode_nmbr
.		item barcode_nmbr title="Barcode"
.		item title title="Title" expr='ts.subfield_data' type=MARC skip_indicator="tf.ind2_cd"
.		item callno title="Call no." expr='ts3.subfield_data' type=MARC skip_indicator="tf3.ind2_cd"
.	end order_by
.	string sitecode title="Site code"
.	session_id
.end parameters

.sql
	select c.*, s.name as site_name, s.code as site_code, st.value as library_name, 
		concat(ts.subfield_data, ' ', ifnull(sub.subfield_data, '')) as title,
		concat(ts2.subfield_data, ' ', ifnull(sub2.subfield_data, '')) as author,
		concat(ts3.subfield_data, ' ', ifnull(sub3.subfield_data, '')) as callno
	from biblio_copy c join site s join settings st join biblio_field tf join biblio_subfield ts
	join biblio_field tf2 join biblio_subfield ts2
	join biblio_field tf3 join biblio_subfield ts3	
.	if_not_equal cart none
		join cart
.	end if_not_equal
		left join biblio_subfield sub on sub.fieldid=tf.fieldid
			and sub.subfield_cd='b'
		left join biblio_subfield sub2 on sub2.fieldid=tf2.fieldid
			and sub2.subfield_cd='b'			
		left join biblio_subfield sub3 on sub3.fieldid=tf3.fieldid
			and sub3.subfield_cd='b'				
	where tf.bibid=c.bibid 
		and tf.tag='245' and ts.fieldid=tf.fieldid and ts.subfield_cd='a'
		and tf2.bibid=c.bibid and tf2.tag='100' and ts2.fieldid=tf2.fieldid and ts2.subfield_cd='a'
		and tf3.bibid=c.bibid and tf3.tag='099' and ts3.fieldid=tf3.fieldid and ts3.subfield_cd='a'
		and s.siteid = c.siteid
		and st.name = 'library_name'
.	if_set barcode
		and c.barcode_nmbr like '%"barcode%%%'
.	end if_set
.	if_set newer
		and c.create_dt >= %newer%
.	end if_set
.	if_set sitecode
		and s.code = %sitecode%
.	end if_set
.	if_not_equal cart none
		and cart.name='bibid' and cart.sess_id=%session_id%
		and c.bibid=cart.id
.	end if_not_equal
.	order_by_expr
.end sql
