.title "Non-delivery List"
.category "Circulation"
.layout nondelivery title="Non-delivery Notices"
.column bookingid hidden
.column bibid hidden
.column mbrid hidden
.column siteid hidden
.column site_name title="Site" sort=site_member width=2
.column member func=member_link title="Member" sort=member width=2
.column callnum title="Call No." sort=callnum
.column title func=biblio_link title=Title sort=title width=3
.column book_dt title="Date" func=booking_link sort=book_dt
.parameters
.	date out_since title="Earliest Date Out" default="today"
.	date out_before title="Latest Date Out" default="today"
.	order_by default=site_member
.		item site_member type=multi expr="site_name, member" title="Site, Member" 
.		item site_name title="Site" expr='s.name'
.		item member title="Member Name" expr='concat(m.last_name, m.first_name)'
.		item callnum title="Call No." expr='cs.subfield_data'
.		item book_dt title="Out Date"
.		item title title="Title" expr='ts.subfield_data' type=MARC skip_indicator="tf.ind2_cd"
.	end order_by
.end parameters

.sql
	create temporary table unavailable
	select b.bibid, count(h.histid) as copies
	from biblio b
		left join biblio_copy c
			on c.bibid=b.bibid
		left join biblio_status_hist h
			on h.histid=c.histid and h.status_cd='in'
	group by b.bibid
	having copies=0
.end sql
.sql
	select b.*, concat(ts.subfield_data, ' ', ifnull(sub.subfield_data, '')) as title,
		cs.subfield_data as callnum,
		m.mbrid, concat(m.last_name, ', ', m.first_name) as member,
		s.name as site_name, s.siteid
	from unavailable u, booking b
		join booking_member bkm join member m join site s
		join biblio_field tf join biblio_subfield ts
		join biblio_field cf join biblio_subfield cs
		left join biblio_subfield sub on sub.fieldid=tf.fieldid
			and sub.subfield_cd='b'
	where b.bibid=u.bibid and b.out_histid is NULL
		and bkm.bookingid=b.bookingid
		and m.mbrid=bkm.mbrid and s.siteid=m.siteid
		and tf.bibid=b.bibid and tf.tag='245'
		and ts.fieldid=tf.fieldid and ts.subfield_cd='a'
		and cf.bibid=b.bibid and cf.tag='099'
		and cs.fieldid=cf.fieldid and cs.subfield_cd='a'
.	if_set out_since
		and book_dt >= %out_since%
.	end if_set
.	if_set out_before
		and book_dt <= %out_before%
.	end if_set
.	order_by_expr
.end sql
.sql
	drop temporary table unavailable
.end sql

