.title "Bookings by Site"
.category "Statistical Reports"
.layout site_bookings title="Site Bookings"
.column bookingid hidden checkbox
.column bibid hidden
.column siteid hidden
.column mbrid hidden
.column site_name title=Site sort=site_out_title func=site_link
.column outd title="Checkout" sort=outd
.column retd title="Return" sort=retd
.column title func=biblio_link title=Title sort=title
.column item_num title="Item" sort=item_num
.column member_name title=Member sort=member func=member_link
.column status func=booking_link title=Status
.parameters
.	date out_since title="Earliest Checkout Date"
.	date out_before title="Latest Checkout Date"
.	date ret_since title="Earliest Return Date"
.	date ret_before title="Latest Return Date"
.	select status title="Status" default=any
.		item any title="Any"
.		item booked title="Booked"
.		item out title="Out"
.		item returned title="Returned"
.	end select
.	order_by
.		item site_out_title type=multi expr="site_name, outd, title" title="Site, Out Date, Title"
.		item outd title="Checkout Date" expr='ifnull(to_days(out_dt), to_days(book_dt))'
.		item retd title="Return Date" expr='ifnull(to_days(ret_dt), to_days(due_dt))'
.		item item_num title="Item Number" expr='ifnull(c.barcode_nmbr, cs.subfield_data)'
.		item title title="Title" expr='ts.subfield_data' type=MARC skip_indicator="tf.ind2_cd"
.		item site_name title="Site" expr='s.name'
.		item member title="Member" expr="concat(m.last_name, m.first_name)"
.	end order_by
.end parameters

.sql
	select m.*, concat(m.last_name, ', ', m.first_name) as member_name,
		s.name as site_name, s.code as site_code,
		b.*, concat(ts.subfield_data, ' ', ifnull(sub.subfield_data, '')) as title,
		ifnull(date_format(out_dt, '%%m/%%d/%%Y'),
			date_format(book_dt, '(%%m/%%d/%%Y)')) as outd,
		ifnull(date_format(ret_dt, '%%m/%%d/%%Y'),
			date_format(due_dt, '(%%m/%%d/%%Y)')) as retd,
		ifnull(c.barcode_nmbr, cs.subfield_data) as item_num,
		if(b.out_histid IS NULL, 'Booked',
			if(b.ret_histid IS NULL, 'Out', 'Returned')) as status
	from booking_member bkm join member m join site s join booking b
		join biblio_field tf join biblio_subfield ts
		join biblio_field cf join biblio_subfield cs
		left join biblio_subfield sub on sub.fieldid=tf.fieldid
			and sub.subfield_cd='b'
		left join biblio_status_hist bsh on bsh.histid=b.out_histid
		left join biblio_copy c on c.bibid=bsh.bibid
			and c.copyid=bsh.copyid
	where m.mbrid=bkm.mbrid and s.siteid=m.siteid
		and b.bookingid=bkm.bookingid
		and tf.bibid=b.bibid and tf.tag='245'
		and ts.fieldid=tf.fieldid and ts.subfield_cd='a'
		and cf.bibid=b.bibid and cf.tag='099'
		and cs.fieldid=cf.fieldid and cs.subfield_cd='a'
.	if_equal status booked
		and out_dt is null
.	end if_equal
.	if_equal status out
		and out_dt is not null and ret_dt is null
.	end if_equal
.	if_equal status returned
		and ret_dt is not null
.	end if_equal
.	if_set out_before
		and ifnull(out_dt, book_dt) < %out_before% + interval 1 day
.	end if_set
.	if_set out_since
		and ifnull(out_dt, book_dt) >= %out_since%
.	end if_set
.	if_set ret_before
		and if(out_dt is null, due_dt,
			ifnull(ret_dt, if(due_dt>now(), due_dt, now())))
			< %ret_before% + interval 1 day
.	end if_set
.	if_set ret_since
		and if(out_dt is null, due_dt,
			ifnull(ret_dt, if(due_dt>now(), due_dt, now()))) >= %ret_since%
.	end if_set
.	order_by_expr
.end sql
